<?xml version="1.0" encoding="ISO-8859-1" ?>
<link_info>
   <banner>TMS320C2000 Linker PC v22.6.1.LTS</banner>
   <copyright>Copyright (c) 1996-2018 Texas Instruments Incorporated</copyright>
   <link_time>0x6605f0af</link_time>
   <link_errors>0x0</link_errors>
   <output_file>llc_capstone_F28003x.out</output_file>
   <entry_point>
      <name>code_start</name>
      <address>0x80000</address>
   </entry_point>
   <input_file_list>
      <input_file id="fl-2">
         <path>.\syscfg\</path>
         <kind>object</kind>
         <file>board.obj</file>
         <name>board.obj</name>
      </input_file>
      <input_file id="fl-3">
         <path>.\syscfg\</path>
         <kind>object</kind>
         <file>clb_config.obj</file>
         <name>clb_config.obj</name>
      </input_file>
      <input_file id="fl-4">
         <path>.\syscfg\</path>
         <kind>object</kind>
         <file>clb_sim.obj</file>
         <name>clb_sim.obj</name>
      </input_file>
      <input_file id="fl-5">
         <path>.\syscfg\</path>
         <kind>object</kind>
         <file>c2000ware_libraries.obj</file>
         <name>c2000ware_libraries.obj</name>
      </input_file>
      <input_file id="fl-6">
         <path>.\</path>
         <kind>object</kind>
         <file>llc.obj</file>
         <name>llc.obj</name>
      </input_file>
      <input_file id="fl-7">
         <path>.\</path>
         <kind>object</kind>
         <file>llc_clatask.obj</file>
         <name>llc_clatask.obj</name>
      </input_file>
      <input_file id="fl-8">
         <path>.\</path>
         <kind>object</kind>
         <file>llc_hal.obj</file>
         <name>llc_hal.obj</name>
      </input_file>
      <input_file id="fl-9">
         <path>.\</path>
         <kind>object</kind>
         <file>llc_main.obj</file>
         <name>llc_main.obj</name>
      </input_file>
      <input_file id="fl-a">
         <path>.\device\</path>
         <kind>object</kind>
         <file>device.obj</file>
         <name>device.obj</name>
      </input_file>
      <input_file id="fl-b">
         <path>.\device\</path>
         <kind>object</kind>
         <file>f28003x_codestartbranch.obj</file>
         <name>f28003x_codestartbranch.obj</name>
      </input_file>
      <input_file id="fl-c">
         <path>.\libraries\DCL\</path>
         <kind>object</kind>
         <file>DCL_DF22_C1.obj</file>
         <name>DCL_DF22_C1.obj</name>
      </input_file>
      <input_file id="fl-d">
         <path>.\libraries\DCL\</path>
         <kind>object</kind>
         <file>DCL_PID_C1.obj</file>
         <name>DCL_PID_C1.obj</name>
      </input_file>
      <input_file id="fl-e">
         <path>.\libraries\DCL\</path>
         <kind>object</kind>
         <file>DCL_clamp_C1.obj</file>
         <name>DCL_clamp_C1.obj</name>
      </input_file>
      <input_file id="fl-f">
         <path>.\libraries\DCL\</path>
         <kind>object</kind>
         <file>DCL_clamp_L1.obj</file>
         <name>DCL_clamp_L1.obj</name>
      </input_file>
      <input_file id="fl-10">
         <path>.\libraries\sfra\</path>
         <kind>object</kind>
         <file>sfra_gui_scicomms_driverlib.obj</file>
         <name>sfra_gui_scicomms_driverlib.obj</name>
      </input_file>
      <input_file id="fl-1d">
         <kind>object</kind>
         <file>&lt;internal&gt;</file>
         <name>&lt;internal&gt;</name>
      </input_file>
      <input_file id="fl-1e">
         <path>C:\Users\Joel9\Downloads\llc_capstone_F28003\llc_capstone_F28003x\device\driverlib\ccs\Release\</path>
         <kind>archive</kind>
         <file>driverlib.lib</file>
         <name>adc.obj</name>
      </input_file>
      <input_file id="fl-1f">
         <path>C:\Users\Joel9\Downloads\llc_capstone_F28003\llc_capstone_F28003x\device\driverlib\ccs\Release\</path>
         <kind>archive</kind>
         <file>driverlib.lib</file>
         <name>cla.obj</name>
      </input_file>
      <input_file id="fl-20">
         <path>C:\Users\Joel9\Downloads\llc_capstone_F28003\llc_capstone_F28003x\device\driverlib\ccs\Release\</path>
         <kind>archive</kind>
         <file>driverlib.lib</file>
         <name>clb.obj</name>
      </input_file>
      <input_file id="fl-21">
         <path>C:\Users\Joel9\Downloads\llc_capstone_F28003\llc_capstone_F28003x\device\driverlib\ccs\Release\</path>
         <kind>archive</kind>
         <file>driverlib.lib</file>
         <name>cmpss.obj</name>
      </input_file>
      <input_file id="fl-22">
         <path>C:\Users\Joel9\Downloads\llc_capstone_F28003\llc_capstone_F28003x\device\driverlib\ccs\Release\</path>
         <kind>archive</kind>
         <file>driverlib.lib</file>
         <name>cputimer.obj</name>
      </input_file>
      <input_file id="fl-23">
         <path>C:\Users\Joel9\Downloads\llc_capstone_F28003\llc_capstone_F28003x\device\driverlib\ccs\Release\</path>
         <kind>archive</kind>
         <file>driverlib.lib</file>
         <name>epwm.obj</name>
      </input_file>
      <input_file id="fl-24">
         <path>C:\Users\Joel9\Downloads\llc_capstone_F28003\llc_capstone_F28003x\device\driverlib\ccs\Release\</path>
         <kind>archive</kind>
         <file>driverlib.lib</file>
         <name>flash.obj</name>
      </input_file>
      <input_file id="fl-25">
         <path>C:\Users\Joel9\Downloads\llc_capstone_F28003\llc_capstone_F28003x\device\driverlib\ccs\Release\</path>
         <kind>archive</kind>
         <file>driverlib.lib</file>
         <name>fsi.obj</name>
      </input_file>
      <input_file id="fl-26">
         <path>C:\Users\Joel9\Downloads\llc_capstone_F28003\llc_capstone_F28003x\device\driverlib\ccs\Release\</path>
         <kind>archive</kind>
         <file>driverlib.lib</file>
         <name>gpio.obj</name>
      </input_file>
      <input_file id="fl-27">
         <path>C:\Users\Joel9\Downloads\llc_capstone_F28003\llc_capstone_F28003x\device\driverlib\ccs\Release\</path>
         <kind>archive</kind>
         <file>driverlib.lib</file>
         <name>interrupt.obj</name>
      </input_file>
      <input_file id="fl-28">
         <path>C:\Users\Joel9\Downloads\llc_capstone_F28003\llc_capstone_F28003x\device\driverlib\ccs\Release\</path>
         <kind>archive</kind>
         <file>driverlib.lib</file>
         <name>memcfg.obj</name>
      </input_file>
      <input_file id="fl-29">
         <path>C:\Users\Joel9\Downloads\llc_capstone_F28003\llc_capstone_F28003x\device\driverlib\ccs\Release\</path>
         <kind>archive</kind>
         <file>driverlib.lib</file>
         <name>sci.obj</name>
      </input_file>
      <input_file id="fl-2a">
         <path>C:\Users\Joel9\Downloads\llc_capstone_F28003\llc_capstone_F28003x\device\driverlib\ccs\Release\</path>
         <kind>archive</kind>
         <file>driverlib.lib</file>
         <name>sysctl.obj</name>
      </input_file>
      <input_file id="fl-2b">
         <path>C:\Users\Joel9\Downloads\llc_capstone_F28003\llc_capstone_F28003x\device\driverlib\ccs\Release\</path>
         <kind>archive</kind>
         <file>driverlib.lib</file>
         <name>xbar.obj</name>
      </input_file>
      <input_file id="fl-2c">
         <path>C:\ti\ccs1250\ccs\tools\compiler\ti-cgt-c2000_22.6.1.LTS\lib\</path>
         <kind>archive</kind>
         <file>rts2800_fpu32_eabi.lib</file>
         <name>boot28.asm.obj</name>
      </input_file>
      <input_file id="fl-2d">
         <path>C:\ti\ccs1250\ccs\tools\compiler\ti-cgt-c2000_22.6.1.LTS\lib\</path>
         <kind>archive</kind>
         <file>rts2800_fpu32_eabi.lib</file>
         <name>fs_div28.asm.obj</name>
      </input_file>
      <input_file id="fl-2e">
         <path>C:\ti\ccs1250\ccs\tools\compiler\ti-cgt-c2000_22.6.1.LTS\lib\</path>
         <kind>archive</kind>
         <file>rts2800_fpu32_eabi.lib</file>
         <name>ll_cmp28.asm.obj</name>
      </input_file>
      <input_file id="fl-2f">
         <path>C:\ti\ccs1250\ccs\tools\compiler\ti-cgt-c2000_22.6.1.LTS\lib\</path>
         <kind>archive</kind>
         <file>rts2800_fpu32_eabi.lib</file>
         <name>memcpy.c.obj</name>
      </input_file>
      <input_file id="fl-30">
         <path>C:\ti\ccs1250\ccs\tools\compiler\ti-cgt-c2000_22.6.1.LTS\lib\</path>
         <kind>archive</kind>
         <file>rts2800_fpu32_eabi.lib</file>
         <name>pre_init.c.obj</name>
      </input_file>
      <input_file id="fl-31">
         <path>C:\ti\ccs1250\ccs\tools\compiler\ti-cgt-c2000_22.6.1.LTS\lib\</path>
         <kind>archive</kind>
         <file>rts2800_fpu32_eabi.lib</file>
         <name>autoinit.c.obj</name>
      </input_file>
      <input_file id="fl-32">
         <path>C:\ti\ccs1250\ccs\tools\compiler\ti-cgt-c2000_22.6.1.LTS\lib\</path>
         <kind>archive</kind>
         <file>rts2800_fpu32_eabi.lib</file>
         <name>copy_zero_init.c.obj</name>
      </input_file>
      <input_file id="fl-33">
         <path>C:\ti\ccs1250\ccs\tools\compiler\ti-cgt-c2000_22.6.1.LTS\lib\</path>
         <kind>archive</kind>
         <file>rts2800_fpu32_eabi.lib</file>
         <name>copy_decompress_none.c.obj</name>
      </input_file>
      <input_file id="fl-34">
         <path>C:\ti\ccs1250\ccs\tools\compiler\ti-cgt-c2000_22.6.1.LTS\lib\</path>
         <kind>archive</kind>
         <file>rts2800_fpu32_eabi.lib</file>
         <name>copy_decompress_lzss.c.obj</name>
      </input_file>
      <input_file id="fl-35">
         <path>C:\ti\ccs1250\ccs\tools\compiler\ti-cgt-c2000_22.6.1.LTS\lib\</path>
         <kind>archive</kind>
         <file>rts2800_fpu32_eabi.lib</file>
         <name>exit.c.obj</name>
      </input_file>
      <input_file id="fl-36">
         <path>C:\ti\ccs1250\ccs\tools\compiler\ti-cgt-c2000_22.6.1.LTS\lib\</path>
         <kind>archive</kind>
         <file>rts2800_fpu32_eabi.lib</file>
         <name>_lock.c.obj</name>
      </input_file>
      <input_file id="fl-37">
         <path>C:\ti\ccs1250\ccs\tools\compiler\ti-cgt-c2000_22.6.1.LTS\lib\</path>
         <kind>archive</kind>
         <file>rts2800_fpu32_eabi.lib</file>
         <name>args_main.c.obj</name>
      </input_file>
      <input_file id="fl-38">
         <path>C:\ti\ccs1250\ccs\tools\compiler\ti-cgt-c2000_22.6.1.LTS\lib\</path>
         <kind>archive</kind>
         <file>rts2800_fpu32_eabi.lib</file>
         <name>memset.c.obj</name>
      </input_file>
      <input_file id="fl-39">
         <path>C:\ti\ccs1250\ccs\tools\compiler\ti-cgt-c2000_22.6.1.LTS\lib\</path>
         <kind>archive</kind>
         <file>rts2800_fpu32_eabi.lib</file>
         <name>cpy_tbl.c.obj</name>
      </input_file>
      <input_file id="fl-3a">
         <path>C:\ti\ccs1250\ccs\tools\compiler\ti-cgt-c2000_22.6.1.LTS\lib\</path>
         <kind>archive</kind>
         <file>rts2800_fpu32_eabi.lib</file>
         <name>startup.c.obj</name>
      </input_file>
   </input_file_list>
   <object_component_list>
      <object_component id="oc-2c">
         <name>codestart</name>
         <load_address>0x80000</load_address>
         <run_address>0x80000</run_address>
         <size>0x2</size>
         <input_file_ref idref="fl-b"/>
      </object_component>
      <object_component id="oc-242">
         <name>.text:EPWM_init</name>
         <load_address>0x82000</load_address>
         <run_address>0x82000</run_address>
         <size>0x23e</size>
         <input_file_ref idref="fl-2"/>
      </object_component>
      <object_component id="oc-29d">
         <name>.text:SysCtl_setClock</name>
         <load_address>0x8223e</load_address>
         <run_address>0x8223e</run_address>
         <size>0x113</size>
         <input_file_ref idref="fl-2a"/>
      </object_component>
      <object_component id="oc-2d9">
         <name>.text:CLB_SR_init</name>
         <load_address>0x82351</load_address>
         <run_address>0x82351</run_address>
         <size>0x10e</size>
         <input_file_ref idref="fl-2"/>
      </object_component>
      <object_component id="oc-34c">
         <name>.text:SysCtl_isPLLValid</name>
         <load_address>0x8245f</load_address>
         <run_address>0x8245f</run_address>
         <size>0xe9</size>
         <input_file_ref idref="fl-2a"/>
      </object_component>
      <object_component id="oc-368">
         <name>.text:initTILE0</name>
         <load_address>0x82548</load_address>
         <run_address>0x82548</run_address>
         <size>0xe6</size>
         <input_file_ref idref="fl-3"/>
      </object_component>
      <object_component id="oc-2df">
         <name>.text:CLB_SYN_init</name>
         <load_address>0x8262e</load_address>
         <run_address>0x8262e</run_address>
         <size>0xd6</size>
         <input_file_ref idref="fl-2"/>
      </object_component>
      <object_component id="oc-36f">
         <name>.text:initTILE1</name>
         <load_address>0x82704</load_address>
         <run_address>0x82704</run_address>
         <size>0xd5</size>
         <input_file_ref idref="fl-3"/>
      </object_component>
      <object_component id="oc-2a3">
         <name>.text:Device_enableAllPeripherals</name>
         <load_address>0x827d9</load_address>
         <run_address>0x827d9</run_address>
         <size>0xd3</size>
         <input_file_ref idref="fl-a"/>
      </object_component>
      <object_component id="oc-17b">
         <name>.text:LLC_HAL_setupADC</name>
         <load_address>0x828ac</load_address>
         <run_address>0x828ac</run_address>
         <size>0xb1</size>
         <input_file_ref idref="fl-8"/>
      </object_component>
      <object_component id="oc-262">
         <name>.text:LLC_updateDeadband</name>
         <load_address>0x8295d</load_address>
         <run_address>0x8295d</run_address>
         <size>0xaa</size>
         <input_file_ref idref="fl-6"/>
      </object_component>
      <object_component id="oc-1f9">
         <name>.text:LLC_HAL_setupPWM_upDownCount</name>
         <load_address>0x82a07</load_address>
         <run_address>0x82a07</run_address>
         <size>0xa5</size>
         <input_file_ref idref="fl-8"/>
      </object_component>
      <object_component id="oc-3bb">
         <name>.text</name>
         <load_address>0x82aac</load_address>
         <run_address>0x82aac</run_address>
         <size>0x88</size>
         <input_file_ref idref="fl-2d"/>
      </object_component>
      <object_component id="oc-139">
         <name>.text:LLC_HAL_setupDevice</name>
         <load_address>0x82b34</load_address>
         <run_address>0x82b34</run_address>
         <size>0x79</size>
         <input_file_ref idref="fl-8"/>
      </object_component>
      <object_component id="oc-163">
         <name>.text:LLC_HAL_setupPWM</name>
         <load_address>0x82bad</load_address>
         <run_address>0x82bad</run_address>
         <size>0x75</size>
         <input_file_ref idref="fl-8"/>
      </object_component>
      <object_component id="oc-1ab">
         <name>.text:C1</name>
         <load_address>0x82c22</load_address>
         <run_address>0x82c22</run_address>
         <size>0x6c</size>
         <input_file_ref idref="fl-9"/>
      </object_component>
      <object_component id="oc-175">
         <name>.text:LLC_HAL_setupBoardProtection</name>
         <load_address>0x82c8e</load_address>
         <run_address>0x82c8e</run_address>
         <size>0x6c</size>
         <input_file_ref idref="fl-8"/>
      </object_component>
      <object_component id="oc-281">
         <name>.text:C2</name>
         <load_address>0x82cfa</load_address>
         <run_address>0x82cfa</run_address>
         <size>0x66</size>
         <input_file_ref idref="fl-9"/>
      </object_component>
      <object_component id="oc-251">
         <name>.text:LLC_HAL_setupCLA</name>
         <load_address>0x82d60</load_address>
         <run_address>0x82d60</run_address>
         <size>0x60</size>
         <input_file_ref idref="fl-8"/>
      </object_component>
      <object_component id="oc-3c4">
         <name>.text:CLB_configCounterLoadMatch</name>
         <load_address>0x82dc0</load_address>
         <run_address>0x82dc0</run_address>
         <size>0x59</size>
         <input_file_ref idref="fl-20"/>
      </object_component>
      <object_component id="oc-33b">
         <name>.text:LLC_systemStartUp</name>
         <load_address>0x82e19</load_address>
         <run_address>0x82e19</run_address>
         <size>0x53</size>
         <input_file_ref idref="fl-6"/>
      </object_component>
      <object_component id="oc-208">
         <name>.text:LLC_HAL_setupPWMTrip</name>
         <load_address>0x82e6c</load_address>
         <run_address>0x82e6c</run_address>
         <size>0x4c</size>
         <input_file_ref idref="fl-8"/>
      </object_component>
      <object_component id="oc-4f">
         <name>.text:fsiRxInt2ISR</name>
         <load_address>0x82eb8</load_address>
         <run_address>0x82eb8</run_address>
         <size>0x4a</size>
         <input_file_ref idref="fl-9"/>
      </object_component>
      <object_component id="oc-1cd">
         <name>.text:Device_init</name>
         <load_address>0x82f02</load_address>
         <run_address>0x82f02</run_address>
         <size>0x46</size>
         <input_file_ref idref="fl-a"/>
      </object_component>
      <object_component id="oc-2a9">
         <name>.text:GPIO_setAnalogMode</name>
         <load_address>0x82f48</load_address>
         <run_address>0x82f48</run_address>
         <size>0x45</size>
         <input_file_ref idref="fl-26"/>
      </object_component>
      <object_component id="oc-43">
         <name>.text:fsiTxInt2ISR</name>
         <load_address>0x82f8d</load_address>
         <run_address>0x82f8d</run_address>
         <size>0x42</size>
         <input_file_ref idref="fl-9"/>
      </object_component>
      <object_component id="oc-1ee">
         <name>.text:GPIO_setPinConfig</name>
         <load_address>0x82fcf</load_address>
         <run_address>0x82fcf</run_address>
         <size>0x30</size>
         <input_file_ref idref="fl-26"/>
      </object_component>
      <object_component id="oc-320">
         <name>.text:LLC_runSFRABackgroundTask</name>
         <load_address>0x82fff</load_address>
         <run_address>0x82fff</run_address>
         <size>0x1</size>
         <input_file_ref idref="fl-6"/>
      </object_component>
      <object_component id="oc-1d9">
         <name>.text:Interrupt_initModule</name>
         <load_address>0x83000</load_address>
         <run_address>0x83000</run_address>
         <size>0x41</size>
         <input_file_ref idref="fl-27"/>
      </object_component>
      <object_component id="oc-2cb">
         <name>.text:GPIO_setPadConfig</name>
         <load_address>0x83041</load_address>
         <run_address>0x83041</run_address>
         <size>0x3f</size>
         <input_file_ref idref="fl-26"/>
      </object_component>
      <object_component id="oc-3f5">
         <name>.text:SysCtl_pollX1Counter</name>
         <load_address>0x83080</load_address>
         <run_address>0x83080</run_address>
         <size>0x3e</size>
         <input_file_ref idref="fl-2a"/>
      </object_component>
      <object_component id="oc-3b4">
         <name>.text:SysCtl_selectXTAL</name>
         <load_address>0x830be</load_address>
         <run_address>0x830be</run_address>
         <size>0x3e</size>
         <input_file_ref idref="fl-2a"/>
      </object_component>
      <object_component id="oc-230">
         <name>.text:PinMux_init</name>
         <load_address>0x830fc</load_address>
         <run_address>0x830fc</run_address>
         <size>0x3a</size>
         <input_file_ref idref="fl-2"/>
      </object_component>
      <object_component id="oc-18d">
         <name>.text:LLC_HAL_setupTimerPWM</name>
         <load_address>0x83136</load_address>
         <run_address>0x83136</run_address>
         <size>0x38</size>
         <input_file_ref idref="fl-8"/>
      </object_component>
      <object_component id="oc-111">
         <name>.text:main</name>
         <load_address>0x8316e</load_address>
         <run_address>0x8316e</run_address>
         <size>0x35</size>
         <input_file_ref idref="fl-9"/>
      </object_component>
      <object_component id="oc-1f">
         <name>.text:decompress:lzss</name>
         <load_address>0x831a3</load_address>
         <run_address>0x831a3</run_address>
         <size>0x30</size>
         <input_file_ref idref="fl-34"/>
      </object_component>
      <object_component id="oc-346">
         <name>.text:SysCtl_selectOscSource</name>
         <load_address>0x831d3</load_address>
         <run_address>0x831d3</run_address>
         <size>0x2d</size>
         <input_file_ref idref="fl-2a"/>
      </object_component>
      <object_component id="oc-202">
         <name>.text:XBAR_setEPWMMuxConfig</name>
         <load_address>0x83200</load_address>
         <run_address>0x83200</run_address>
         <size>0x2b</size>
         <input_file_ref idref="fl-2b"/>
      </object_component>
      <object_component id="oc-e1">
         <name>.text:__TI_auto_init_nobinit_nopinit</name>
         <load_address>0x8322b</load_address>
         <run_address>0x8322b</run_address>
         <size>0x2b</size>
         <input_file_ref idref="fl-31"/>
      </object_component>
      <object_component id="oc-d2">
         <name>.text</name>
         <load_address>0x83256</load_address>
         <run_address>0x83256</run_address>
         <size>0x29</size>
         <input_file_ref idref="fl-35"/>
      </object_component>
      <object_component id="oc-32f">
         <name>.text:LLC_HAL_Handshake_Node</name>
         <load_address>0x8327f</load_address>
         <run_address>0x8327f</run_address>
         <size>0x26</size>
         <input_file_ref idref="fl-6"/>
      </object_component>
      <object_component id="oc-2ec">
         <name>.text:MemCfg_setLSRAMControllerSel</name>
         <load_address>0x832a5</load_address>
         <run_address>0x832a5</run_address>
         <size>0x25</size>
         <input_file_ref idref="fl-28"/>
      </object_component>
      <object_component id="oc-21a">
         <name>.text:XBAR_setOutputMuxConfig</name>
         <load_address>0x832ca</load_address>
         <run_address>0x832ca</run_address>
         <size>0x25</size>
         <input_file_ref idref="fl-2b"/>
      </object_component>
      <object_component id="oc-316">
         <name>.text:LLC_slew</name>
         <load_address>0x832ef</load_address>
         <run_address>0x832ef</run_address>
         <size>0x23</size>
         <input_file_ref idref="fl-6"/>
      </object_component>
      <object_component id="oc-55">
         <name>.text:fsiRxInt1ISR</name>
         <load_address>0x83312</load_address>
         <run_address>0x83312</run_address>
         <size>0x23</size>
         <input_file_ref idref="fl-9"/>
      </object_component>
      <object_component id="oc-2d1">
         <name>.text:GPIO_setQualificationMode</name>
         <load_address>0x83335</load_address>
         <run_address>0x83335</run_address>
         <size>0x22</size>
         <input_file_ref idref="fl-26"/>
      </object_component>
      <object_component id="oc-49">
         <name>.text:fsiTxInt1ISR</name>
         <load_address>0x83357</load_address>
         <run_address>0x83357</run_address>
         <size>0x22</size>
         <input_file_ref idref="fl-9"/>
      </object_component>
      <object_component id="oc-1e8">
         <name>.text:GPIO_setDirectionMode</name>
         <load_address>0x83379</load_address>
         <run_address>0x83379</run_address>
         <size>0x20</size>
         <input_file_ref idref="fl-26"/>
      </object_component>
      <object_component id="oc-13f">
         <name>.text:LLC_initController</name>
         <load_address>0x83399</load_address>
         <run_address>0x83399</run_address>
         <size>0x1f</size>
         <input_file_ref idref="fl-6"/>
      </object_component>
      <object_component id="oc-3ae">
         <name>.text:SysCtl_selectXTALSingleEnded</name>
         <load_address>0x833b8</load_address>
         <run_address>0x833b8</run_address>
         <size>0x1e</size>
         <input_file_ref idref="fl-2a"/>
      </object_component>
      <object_component id="oc-76">
         <name>.text</name>
         <load_address>0x833d6</load_address>
         <run_address>0x833d6</run_address>
         <size>0x1d</size>
         <input_file_ref idref="fl-2f"/>
      </object_component>
      <object_component id="oc-2f8">
         <name>.text:CLA_setTriggerSource</name>
         <load_address>0x833f3</load_address>
         <run_address>0x833f3</run_address>
         <size>0x1c</size>
         <input_file_ref idref="fl-1f"/>
      </object_component>
      <object_component id="oc-181">
         <name>.text:LLC_HAL_setupPWMtoTriggerADCSOC</name>
         <load_address>0x8340f</load_address>
         <run_address>0x8340f</run_address>
         <size>0x1b</size>
         <input_file_ref idref="fl-8"/>
      </object_component>
      <object_component id="oc-2c3">
         <name>.text:ADC_setOffsetTrimAll</name>
         <load_address>0x8342a</load_address>
         <run_address>0x8342a</run_address>
         <size>0x1a</size>
         <input_file_ref idref="fl-1e"/>
      </object_component>
      <object_component id="oc-227">
         <name>.text:ADC_setVREF</name>
         <load_address>0x83444</load_address>
         <run_address>0x83444</run_address>
         <size>0x19</size>
         <input_file_ref idref="fl-1e"/>
      </object_component>
      <object_component id="oc-199">
         <name>.text:A0</name>
         <load_address>0x8345d</load_address>
         <run_address>0x8345d</run_address>
         <size>0x18</size>
         <input_file_ref idref="fl-9"/>
      </object_component>
      <object_component id="oc-25b">
         <name>.text:B0</name>
         <load_address>0x83475</load_address>
         <run_address>0x83475</run_address>
         <size>0x18</size>
         <input_file_ref idref="fl-9"/>
      </object_component>
      <object_component id="oc-30a">
         <name>.text:C0</name>
         <load_address>0x8348d</load_address>
         <run_address>0x8348d</run_address>
         <size>0x18</size>
         <input_file_ref idref="fl-9"/>
      </object_component>
      <object_component id="oc-3cd">
         <name>.text:CLB_writeFIFOs</name>
         <load_address>0x834a5</load_address>
         <run_address>0x834a5</run_address>
         <size>0x18</size>
         <input_file_ref idref="fl-20"/>
      </object_component>
      <object_component id="oc-220">
         <name>.text:LLC_HAL_clearTripZoneFlags</name>
         <load_address>0x834bd</load_address>
         <run_address>0x834bd</run_address>
         <size>0x17</size>
         <input_file_ref idref="fl-8"/>
      </object_component>
      <object_component id="oc-ae">
         <name>.text</name>
         <load_address>0x834d4</load_address>
         <run_address>0x834d4</run_address>
         <size>0x17</size>
         <input_file_ref idref="fl-2c"/>
      </object_component>
      <object_component id="oc-5e">
         <name>.text:Interrupt_initVectorTable</name>
         <load_address>0x834eb</load_address>
         <run_address>0x834eb</run_address>
         <size>0x15</size>
         <input_file_ref idref="fl-27"/>
      </object_component>
      <object_component id="oc-169">
         <name>.text:LLC_HAL_setupPWMpins</name>
         <load_address>0x83500</load_address>
         <run_address>0x83500</run_address>
         <size>0x15</size>
         <input_file_ref idref="fl-8"/>
      </object_component>
      <object_component id="oc-276">
         <name>.text:LLC_writeVolatileFloat</name>
         <load_address>0x83515</load_address>
         <run_address>0x83515</run_address>
         <size>0x15</size>
         <input_file_ref idref="fl-6"/>
      </object_component>
      <object_component id="oc-193">
         <name>.text:LLC_HAL_setupInterrupts</name>
         <load_address>0x8352a</load_address>
         <run_address>0x8352a</run_address>
         <size>0x14</size>
         <input_file_ref idref="fl-8"/>
      </object_component>
      <object_component id="oc-268">
         <name>.text:A2</name>
         <load_address>0x8353e</load_address>
         <run_address>0x8353e</run_address>
         <size>0x12</size>
         <input_file_ref idref="fl-9"/>
      </object_component>
      <object_component id="oc-402">
         <name>.text:CLB_clearFIFOs</name>
         <load_address>0x83550</load_address>
         <run_address>0x83550</run_address>
         <size>0x12</size>
         <input_file_ref idref="fl-20"/>
      </object_component>
      <object_component id="oc-236">
         <name>.text:SYNC_init</name>
         <load_address>0x83562</load_address>
         <run_address>0x83562</run_address>
         <size>0x11</size>
         <input_file_ref idref="fl-2"/>
      </object_component>
      <object_component id="oc-1d3">
         <name>.text:Device_initGPIO</name>
         <load_address>0x83573</load_address>
         <run_address>0x83573</run_address>
         <size>0x10</size>
         <input_file_ref idref="fl-a"/>
      </object_component>
      <object_component id="oc-20e">
         <name>.text:LLC_HAL_setupCmpssLPTripLimit</name>
         <load_address>0x83583</load_address>
         <run_address>0x83583</run_address>
         <size>0x10</size>
         <input_file_ref idref="fl-8"/>
      </object_component>
      <object_component id="oc-214">
         <name>.text:LLC_HAL_setupCmpssHPTripLimit</name>
         <load_address>0x83593</load_address>
         <run_address>0x83593</run_address>
         <size>0xf</size>
         <input_file_ref idref="fl-8"/>
      </object_component>
      <object_component id="oc-335">
         <name>.text:LLC_HAL_toggleLED</name>
         <load_address>0x835a2</load_address>
         <run_address>0x835a2</run_address>
         <size>0xe</size>
         <input_file_ref idref="fl-8"/>
      </object_component>
      <object_component id="oc-7e">
         <name>.text:decompress:ZI:__TI_zero_init_nomemset</name>
         <load_address>0x835b0</load_address>
         <run_address>0x835b0</run_address>
         <size>0xd</size>
         <input_file_ref idref="fl-32"/>
      </object_component>
      <object_component id="oc-6d">
         <name>.text:Interrupt_defaultHandler</name>
         <load_address>0x835bd</load_address>
         <run_address>0x835bd</run_address>
         <size>0xc</size>
         <input_file_ref idref="fl-27"/>
      </object_component>
      <object_component id="oc-cc">
         <name>.text</name>
         <load_address>0x835c9</load_address>
         <run_address>0x835c9</run_address>
         <size>0xc</size>
         <input_file_ref idref="fl-37"/>
      </object_component>
      <object_component id="oc-187">
         <name>.text:Board_init</name>
         <load_address>0x835d5</load_address>
         <run_address>0x835d5</run_address>
         <size>0xb</size>
         <input_file_ref idref="fl-2"/>
      </object_component>
      <object_component id="oc-39f">
         <name>.text:FSI_executeTxFlushSequence</name>
         <load_address>0x835e0</load_address>
         <run_address>0x835e0</run_address>
         <size>0xb</size>
         <input_file_ref idref="fl-25"/>
      </object_component>
      <object_component id="oc-67">
         <name>.text:Interrupt_illegalOperationHandler</name>
         <load_address>0x835eb</load_address>
         <run_address>0x835eb</run_address>
         <size>0xa</size>
         <input_file_ref idref="fl-27"/>
      </object_component>
      <object_component id="oc-5b">
         <name>.text:Interrupt_nmiHandler</name>
         <load_address>0x835f5</load_address>
         <run_address>0x835f5</run_address>
         <size>0xa</size>
         <input_file_ref idref="fl-27"/>
      </object_component>
      <object_component id="oc-145">
         <name>.text:LLC_HAL_setupLED</name>
         <load_address>0x835ff</load_address>
         <run_address>0x835ff</run_address>
         <size>0xa</size>
         <input_file_ref idref="fl-8"/>
      </object_component>
      <object_component id="oc-24a">
         <name>.text:EPWM_setEmulationMode</name>
         <load_address>0x83609</load_address>
         <run_address>0x83609</run_address>
         <size>0x9</size>
         <input_file_ref idref="fl-23"/>
      </object_component>
      <object_component id="oc-15d">
         <name>.text:LLC_HAL_disablePWMClkCounting</name>
         <load_address>0x83612</load_address>
         <run_address>0x83612</run_address>
         <size>0x9</size>
         <input_file_ref idref="fl-8"/>
      </object_component>
      <object_component id="oc-14b">
         <name>.text:LLC_HAL_setupDebugGPIO</name>
         <load_address>0x8361b</load_address>
         <run_address>0x8361b</run_address>
         <size>0x9</size>
         <input_file_ref idref="fl-8"/>
      </object_component>
      <object_component id="oc-1ba">
         <name>.text</name>
         <load_address>0x83624</load_address>
         <run_address>0x83624</run_address>
         <size>0x9</size>
         <input_file_ref idref="fl-36"/>
      </object_component>
      <object_component id="oc-19f">
         <name>.text:A1</name>
         <load_address>0x8362d</load_address>
         <run_address>0x8362d</run_address>
         <size>0x8</size>
         <input_file_ref idref="fl-9"/>
      </object_component>
      <object_component id="oc-319">
         <name>.text:A3</name>
         <load_address>0x83635</load_address>
         <run_address>0x83635</run_address>
         <size>0x8</size>
         <input_file_ref idref="fl-9"/>
      </object_component>
      <object_component id="oc-26f">
         <name>.text:B2</name>
         <load_address>0x8363d</load_address>
         <run_address>0x8363d</run_address>
         <size>0x8</size>
         <input_file_ref idref="fl-9"/>
      </object_component>
      <object_component id="oc-16f">
         <name>.text:LLC_HAL_enablePWMClkCounting</name>
         <load_address>0x83645</load_address>
         <run_address>0x83645</run_address>
         <size>0x8</size>
         <input_file_ref idref="fl-8"/>
      </object_component>
      <object_component id="oc-25">
         <name>.text:decompress:none</name>
         <load_address>0x8364d</load_address>
         <run_address>0x8364d</run_address>
         <size>0x8</size>
         <input_file_ref idref="fl-33"/>
      </object_component>
      <object_component id="oc-8a">
         <name>.text</name>
         <load_address>0x83655</load_address>
         <run_address>0x83655</run_address>
         <size>0x8</size>
         <input_file_ref idref="fl-b"/>
      </object_component>
      <object_component id="oc-1a5">
         <name>.text:B1</name>
         <load_address>0x8365d</load_address>
         <run_address>0x8365d</run_address>
         <size>0x6</size>
         <input_file_ref idref="fl-9"/>
      </object_component>
      <object_component id="oc-326">
         <name>.text:B3</name>
         <load_address>0x83663</load_address>
         <run_address>0x83663</run_address>
         <size>0x6</size>
         <input_file_ref idref="fl-9"/>
      </object_component>
      <object_component id="oc-1df">
         <name>.text:CPUTimer_setEmulationMode</name>
         <load_address>0x83669</load_address>
         <run_address>0x83669</run_address>
         <size>0x6</size>
         <input_file_ref idref="fl-22"/>
      </object_component>
      <object_component id="oc-23c">
         <name>.text:CLB_init</name>
         <load_address>0x8366f</load_address>
         <run_address>0x8366f</run_address>
         <size>0x5</size>
         <input_file_ref idref="fl-2"/>
      </object_component>
      <object_component id="oc-c5">
         <name>.text</name>
         <load_address>0x83674</load_address>
         <run_address>0x83674</run_address>
         <size>0x2</size>
         <input_file_ref idref="fl-30"/>
      </object_component>
      <object_component id="oc-396">
         <name>.text:LLC_serviceSFRAGuiSci</name>
         <load_address>0x83676</load_address>
         <run_address>0x83676</run_address>
         <size>0x1</size>
         <input_file_ref idref="fl-6"/>
      </object_component>
      <object_component id="oc-151">
         <name>.text:LLC_setupSFRA</name>
         <load_address>0x83677</load_address>
         <run_address>0x83677</run_address>
         <size>0x1</size>
         <input_file_ref idref="fl-6"/>
      </object_component>
      <object_component id="oc-157">
         <name>.text:LLC_setupSFRAGui</name>
         <load_address>0x83678</load_address>
         <run_address>0x83678</run_address>
         <size>0x1</size>
         <input_file_ref idref="fl-6"/>
      </object_component>
      <object_component id="oc-124">
         <name>.text</name>
         <load_address>0x83679</load_address>
         <run_address>0x83679</run_address>
         <size>0x1</size>
         <input_file_ref idref="fl-3a"/>
      </object_component>
      <object_component id="oc-44d">
         <name>.cinit..data.load</name>
         <load_address>0x81000</load_address>
         <run_address>0x81000</run_address>
         <size>0x13</size>
      </object_component>
      <object_component id="oc-44f">
         <name>.cinit.controlVariables.load</name>
         <load_address>0x81013</load_address>
         <run_address>0x81013</run_address>
         <size>0x13</size>
      </object_component>
      <object_component id="oc-44a">
         <name>__TI_handler_table</name>
         <load_address>0x81026</load_address>
         <run_address>0x81026</run_address>
         <size>0x6</size>
      </object_component>
      <object_component id="oc-44c">
         <name>.cinit..bss.load</name>
         <load_address>0x8102c</load_address>
         <run_address>0x8102c</run_address>
         <size>0x4</size>
      </object_component>
      <object_component id="oc-44e">
         <name>.cinit..scratchpad.load</name>
         <load_address>0x81030</load_address>
         <run_address>0x81030</run_address>
         <size>0x4</size>
      </object_component>
      <object_component id="oc-44b">
         <name>__TI_cinit_table</name>
         <load_address>0x81034</load_address>
         <run_address>0x81034</run_address>
         <size>0x10</size>
      </object_component>
      <object_component id="oc-73">
         <name>.stack</name>
         <uninitialized>true</uninitialized>
         <run_address>0x8800</run_address>
         <size>0x0</size>
         <input_file_ref idref="fl-2c"/>
      </object_component>
      <object_component id="oc-450">
         <name>.stack</name>
         <uninitialized>true</uninitialized>
         <run_address>0x8800</run_address>
         <size>0x0</size>
      </object_component>
      <object_component id="oc-1b1">
         <name>.bss</name>
         <uninitialized>true</uninitialized>
         <run_address>0xb8f0</run_address>
         <size>0xa</size>
         <input_file_ref idref="fl-9"/>
      </object_component>
      <object_component id="oc-258">
         <name>.bss:vTimer0</name>
         <uninitialized>true</uninitialized>
         <run_address>0xb8fa</run_address>
         <size>0x4</size>
         <input_file_ref idref="fl-9"/>
      </object_component>
      <object_component id="oc-307">
         <name>.bss:vTimer1</name>
         <uninitialized>true</uninitialized>
         <run_address>0xb8fe</run_address>
         <size>0x4</size>
         <input_file_ref idref="fl-9"/>
      </object_component>
      <object_component id="oc-391">
         <name>.bss:vTimer2</name>
         <uninitialized>true</uninitialized>
         <run_address>0xb902</run_address>
         <size>0x4</size>
         <input_file_ref idref="fl-9"/>
      </object_component>
      <object_component id="oc-3d3">
         <name>.data:TILE0HLCInstr</name>
         <load_address>0xb878</load_address>
         <run_address>0xb878</run_address>
         <size>0x20</size>
         <input_file_ref idref="fl-3"/>
      </object_component>
      <object_component id="oc-3db">
         <name>.data:TILE1HLCInstr</name>
         <load_address>0xb898</load_address>
         <run_address>0xb898</run_address>
         <size>0x20</size>
         <input_file_ref idref="fl-3"/>
      </object_component>
      <object_component id="oc-311">
         <name>.data</name>
         <load_address>0xb8c6</load_address>
         <run_address>0xb8c6</run_address>
         <size>0x4</size>
         <input_file_ref idref="fl-6"/>
      </object_component>
      <object_component id="oc-3a6">
         <name>.data</name>
         <load_address>0xb8b8</load_address>
         <run_address>0xb8b8</run_address>
         <size>0x6</size>
         <input_file_ref idref="fl-8"/>
      </object_component>
      <object_component id="oc-119">
         <name>.data</name>
         <load_address>0xb8c0</load_address>
         <run_address>0xb8c0</run_address>
         <size>0x6</size>
         <input_file_ref idref="fl-35"/>
      </object_component>
      <object_component id="oc-11c">
         <name>.data:_lock</name>
         <load_address>0xb8be</load_address>
         <run_address>0xb8be</run_address>
         <size>0x2</size>
         <input_file_ref idref="fl-36"/>
      </object_component>
      <object_component id="oc-28a">
         <name>.data:_unlock</name>
         <load_address>0xb8ca</load_address>
         <run_address>0xb8ca</run_address>
         <size>0x2</size>
         <input_file_ref idref="fl-36"/>
      </object_component>
      <object_component id="oc-3ca">
         <name>.const:TILE0_HLC_initFIFOData</name>
         <load_address>0x84000</load_address>
         <run_address>0x84000</run_address>
         <size>0x8</size>
         <input_file_ref idref="fl-3"/>
      </object_component>
      <object_component id="oc-3d8">
         <name>.const:TILE1_HLC_initFIFOData</name>
         <load_address>0x84008</load_address>
         <run_address>0x84008</run_address>
         <size>0x8</size>
         <input_file_ref idref="fl-3"/>
      </object_component>
      <object_component id="oc-41b">
         <name>.TI.memcrc:_table_name</name>
         <load_address>0x0</load_address>
         <run_address>0x0</run_address>
         <size>0x120</size>
      </object_component>
      <object_component id="oc-297">
         <name>.TI.ramfunc:Flash_initModule</name>
         <load_address>0x86000</load_address>
         <run_address>0xc000</run_address>
         <size>0x4b</size>
         <input_file_ref idref="fl-24"/>
      </object_component>
      <object_component id="oc-22d">
         <name>.TI.ramfunc</name>
         <load_address>0x8604b</load_address>
         <run_address>0xc04b</run_address>
         <size>0x4</size>
         <input_file_ref idref="fl-2a"/>
      </object_component>
      <object_component id="oc-27c">
         <name>dclfuncs</name>
         <load_address>0x86050</load_address>
         <run_address>0xc050</run_address>
         <size>0x14</size>
         <input_file_ref idref="fl-e"/>
      </object_component>
      <object_component id="oc-3e6">
         <name>.scratchpad:Cla1Prog:EPWM_setCounterCompareValue</name>
         <uninitialized>true</uninitialized>
         <run_address>0xb8ec</run_address>
         <size>0x4</size>
         <input_file_ref idref="fl-7"/>
      </object_component>
      <object_component id="oc-37b">
         <name>.scratchpad:Cla1Prog:Cla1Task1</name>
         <uninitialized>true</uninitialized>
         <run_address>0xb8cc</run_address>
         <size>0x20</size>
         <input_file_ref idref="fl-7"/>
      </object_component>
      <object_component id="oc-3e4">
         <name>.scratchpad:Cla1Prog:_DCL_clamp_L1_LSECT</name>
         <uninitialized>true</uninitialized>
         <run_address>0xb8ec</run_address>
         <size>0x4</size>
         <input_file_ref idref="fl-f"/>
      </object_component>
      <object_component id="oc-90">
         <name>controlVariables:init</name>
         <load_address>0xb800</load_address>
         <run_address>0xb800</run_address>
         <size>0x6e</size>
         <input_file_ref idref="fl-6"/>
      </object_component>
      <object_component id="oc-37c">
         <name>controlVariables:uninit</name>
         <load_address>0xb86e</load_address>
         <run_address>0xb86e</run_address>
         <size>0xa</size>
         <input_file_ref idref="fl-6"/>
      </object_component>
      <object_component id="oc-2f2">
         <name>Cla1Prog:Cla1Task1</name>
         <load_address>0x98000</load_address>
         <run_address>0x9800</run_address>
         <size>0x1f8</size>
         <input_file_ref idref="fl-7"/>
      </object_component>
      <object_component id="oc-384">
         <name>Cla1Prog:EPWM_setCounterCompareValue</name>
         <load_address>0x981f8</load_address>
         <run_address>0x99f8</run_address>
         <size>0x4c</size>
         <input_file_ref idref="fl-7"/>
      </object_component>
      <object_component id="oc-37f">
         <name>Cla1Prog:_DCL_clamp_L1_LSECT</name>
         <load_address>0x98244</load_address>
         <run_address>0x9a44</run_address>
         <size>0x1a</size>
         <input_file_ref idref="fl-f"/>
      </object_component>
      <object_component id="oc-2fe">
         <name>Cla1Prog:Cla1BackgroundTask</name>
         <load_address>0x9825e</load_address>
         <run_address>0x9a5e</run_address>
         <size>0x16</size>
         <input_file_ref idref="fl-7"/>
      </object_component>
      <object_component id="oc-249">
         <name>.debug_types</name>
         <load_address>0x0</load_address>
         <run_address>0x0</run_address>
         <size>0x3eec</size>
         <input_file_ref idref="fl-2"/>
      </object_component>
      <object_component id="oc-3d7">
         <name>.debug_types</name>
         <load_address>0x3eec</load_address>
         <run_address>0x3eec</run_address>
         <size>0x2f7</size>
         <input_file_ref idref="fl-3"/>
      </object_component>
      <object_component id="oc-b6">
         <name>.debug_types</name>
         <load_address>0x41e3</load_address>
         <run_address>0x41e3</run_address>
         <size>0x11fe</size>
         <input_file_ref idref="fl-6"/>
      </object_component>
      <object_component id="oc-38b">
         <name>.debug_types</name>
         <load_address>0x53e1</load_address>
         <run_address>0x53e1</run_address>
         <size>0x7a0</size>
         <input_file_ref idref="fl-7"/>
      </object_component>
      <object_component id="oc-1e6">
         <name>.debug_types</name>
         <load_address>0x5b81</load_address>
         <run_address>0x5b81</run_address>
         <size>0x561a</size>
         <input_file_ref idref="fl-8"/>
      </object_component>
      <object_component id="oc-94">
         <name>.debug_types</name>
         <load_address>0xb19b</load_address>
         <run_address>0xb19b</run_address>
         <size>0x137</size>
         <input_file_ref idref="fl-9"/>
      </object_component>
      <object_component id="oc-2b0">
         <name>.debug_types</name>
         <load_address>0xb2d2</load_address>
         <run_address>0xb2d2</run_address>
         <size>0x2f6</size>
         <input_file_ref idref="fl-a"/>
      </object_component>
      <object_component id="oc-2ca">
         <name>.debug_types</name>
         <load_address>0xb5c8</load_address>
         <run_address>0xb5c8</run_address>
         <size>0x1a1</size>
         <input_file_ref idref="fl-1e"/>
      </object_component>
      <object_component id="oc-38d">
         <name>.debug_types</name>
         <load_address>0xb769</load_address>
         <run_address>0xb769</run_address>
         <size>0x5e</size>
         <input_file_ref idref="fl-1f"/>
      </object_component>
      <object_component id="oc-3ff">
         <name>.debug_types</name>
         <load_address>0xb7c7</load_address>
         <run_address>0xb7c7</run_address>
         <size>0x8d</size>
         <input_file_ref idref="fl-20"/>
      </object_component>
      <object_component id="oc-2b4">
         <name>.debug_types</name>
         <load_address>0xb854</load_address>
         <run_address>0xb854</run_address>
         <size>0x2f</size>
         <input_file_ref idref="fl-22"/>
      </object_component>
      <object_component id="oc-2eb">
         <name>.debug_types</name>
         <load_address>0xb883</load_address>
         <run_address>0xb883</run_address>
         <size>0x1fb</size>
         <input_file_ref idref="fl-23"/>
      </object_component>
      <object_component id="oc-345">
         <name>.debug_types</name>
         <load_address>0xba7e</load_address>
         <run_address>0xba7e</run_address>
         <size>0x229</size>
         <input_file_ref idref="fl-24"/>
      </object_component>
      <object_component id="oc-3f2">
         <name>.debug_types</name>
         <load_address>0xbca7</load_address>
         <run_address>0xbca7</run_address>
         <size>0x359</size>
         <input_file_ref idref="fl-25"/>
      </object_component>
      <object_component id="oc-2b9">
         <name>.debug_types</name>
         <load_address>0xc000</load_address>
         <run_address>0xc000</run_address>
         <size>0x363</size>
         <input_file_ref idref="fl-26"/>
      </object_component>
      <object_component id="oc-99">
         <name>.debug_types</name>
         <load_address>0x0</load_address>
         <run_address>0x0</run_address>
         <size>0x0</size>
         <input_file_ref idref="fl-27"/>
      </object_component>
      <object_component id="oc-37a">
         <name>.debug_types</name>
         <load_address>0xc363</load_address>
         <run_address>0xc363</run_address>
         <size>0x159</size>
         <input_file_ref idref="fl-28"/>
      </object_component>
      <object_component id="oc-353">
         <name>.debug_types</name>
         <load_address>0xc4bc</load_address>
         <run_address>0xc4bc</run_address>
         <size>0xa2d</size>
         <input_file_ref idref="fl-2a"/>
      </object_component>
      <object_component id="oc-2bd">
         <name>.debug_types</name>
         <load_address>0xcee9</load_address>
         <run_address>0xcee9</run_address>
         <size>0x1c61</size>
         <input_file_ref idref="fl-2b"/>
      </object_component>
      <object_component id="oc-a1">
         <name>.debug_types</name>
         <load_address>0xeb4a</load_address>
         <run_address>0xeb4a</run_address>
         <size>0x142</size>
         <input_file_ref idref="fl-2f"/>
      </object_component>
      <object_component id="oc-e0">
         <name>.debug_types</name>
         <load_address>0x0</load_address>
         <run_address>0x0</run_address>
         <size>0x0</size>
         <input_file_ref idref="fl-30"/>
      </object_component>
      <object_component id="oc-12b">
         <name>.debug_types</name>
         <load_address>0xec8c</load_address>
         <run_address>0xec8c</run_address>
         <size>0x441</size>
         <input_file_ref idref="fl-31"/>
      </object_component>
      <object_component id="oc-a6">
         <name>.debug_types</name>
         <load_address>0xf0cd</load_address>
         <run_address>0xf0cd</run_address>
         <size>0x194</size>
         <input_file_ref idref="fl-32"/>
      </object_component>
      <object_component id="oc-7d">
         <name>.debug_types</name>
         <load_address>0x0</load_address>
         <run_address>0x0</run_address>
         <size>0x0</size>
         <input_file_ref idref="fl-33"/>
      </object_component>
      <object_component id="oc-75">
         <name>.debug_types</name>
         <load_address>0xf261</load_address>
         <run_address>0xf261</run_address>
         <size>0x191</size>
         <input_file_ref idref="fl-34"/>
      </object_component>
      <object_component id="oc-120">
         <name>.debug_types</name>
         <load_address>0xf3f2</load_address>
         <run_address>0xf3f2</run_address>
         <size>0xbf</size>
         <input_file_ref idref="fl-35"/>
      </object_component>
      <object_component id="oc-1c2">
         <name>.debug_types</name>
         <load_address>0xf4b1</load_address>
         <run_address>0xf4b1</run_address>
         <size>0x2f</size>
         <input_file_ref idref="fl-36"/>
      </object_component>
      <object_component id="oc-118">
         <name>.debug_types</name>
         <load_address>0xf4e0</load_address>
         <run_address>0xf4e0</run_address>
         <size>0xe1</size>
         <input_file_ref idref="fl-37"/>
      </object_component>
      <object_component id="oc-1c7">
         <name>.debug_types</name>
         <load_address>0x0</load_address>
         <run_address>0x0</run_address>
         <size>0x0</size>
         <input_file_ref idref="fl-3a"/>
      </object_component>
      <object_component id="oc-237">
         <name>.debug_info</name>
         <load_address>0x0</load_address>
         <run_address>0x0</run_address>
         <size>0x118</size>
         <input_file_ref idref="fl-2"/>
      </object_component>
      <object_component id="oc-231">
         <name>.debug_info</name>
         <load_address>0x118</load_address>
         <run_address>0x118</run_address>
         <size>0x24e</size>
         <input_file_ref idref="fl-2"/>
      </object_component>
      <object_component id="oc-244">
         <name>.debug_info</name>
         <load_address>0x366</load_address>
         <run_address>0x366</run_address>
         <size>0x118</size>
         <input_file_ref idref="fl-2"/>
      </object_component>
      <object_component id="oc-2db">
         <name>.debug_info</name>
         <load_address>0x47e</load_address>
         <run_address>0x47e</run_address>
         <size>0x129</size>
         <input_file_ref idref="fl-2"/>
      </object_component>
      <object_component id="oc-2e2">
         <name>.debug_info</name>
         <load_address>0x5a7</load_address>
         <run_address>0x5a7</run_address>
         <size>0x12c</size>
         <input_file_ref idref="fl-2"/>
      </object_component>
      <object_component id="oc-23e">
         <name>.debug_info</name>
         <load_address>0x6d3</load_address>
         <run_address>0x6d3</run_address>
         <size>0x137</size>
         <input_file_ref idref="fl-2"/>
      </object_component>
      <object_component id="oc-189">
         <name>.debug_info</name>
         <load_address>0x80a</load_address>
         <run_address>0x80a</run_address>
         <size>0x155</size>
         <input_file_ref idref="fl-2"/>
      </object_component>
      <object_component id="oc-3cb">
         <name>.debug_info</name>
         <load_address>0x95f</load_address>
         <run_address>0x95f</run_address>
         <size>0x117</size>
         <input_file_ref idref="fl-3"/>
      </object_component>
      <object_component id="oc-3d9">
         <name>.debug_info</name>
         <load_address>0xa76</load_address>
         <run_address>0xa76</run_address>
         <size>0x117</size>
         <input_file_ref idref="fl-3"/>
      </object_component>
      <object_component id="oc-3d4">
         <name>.debug_info</name>
         <load_address>0xb8d</load_address>
         <run_address>0xb8d</run_address>
         <size>0x105</size>
         <input_file_ref idref="fl-3"/>
      </object_component>
      <object_component id="oc-3dc">
         <name>.debug_info</name>
         <load_address>0xc92</load_address>
         <run_address>0xc92</run_address>
         <size>0x105</size>
         <input_file_ref idref="fl-3"/>
      </object_component>
      <object_component id="oc-372">
         <name>.debug_info</name>
         <load_address>0xd97</load_address>
         <run_address>0xd97</run_address>
         <size>0x1d3</size>
         <input_file_ref idref="fl-3"/>
      </object_component>
      <object_component id="oc-36c">
         <name>.debug_info</name>
         <load_address>0xf6a</load_address>
         <run_address>0xf6a</run_address>
         <size>0x1d2</size>
         <input_file_ref idref="fl-3"/>
      </object_component>
      <object_component id="oc-91">
         <name>.debug_info</name>
         <load_address>0x113c</load_address>
         <run_address>0x113c</run_address>
         <size>0x782</size>
         <input_file_ref idref="fl-6"/>
      </object_component>
      <object_component id="oc-37d">
         <name>.debug_info</name>
         <load_address>0x18be</load_address>
         <run_address>0x18be</run_address>
         <size>0x182</size>
         <input_file_ref idref="fl-6"/>
      </object_component>
      <object_component id="oc-277">
         <name>.debug_info</name>
         <load_address>0x1a40</load_address>
         <run_address>0x1a40</run_address>
         <size>0x1d2</size>
         <input_file_ref idref="fl-6"/>
      </object_component>
      <object_component id="oc-263">
         <name>.debug_info</name>
         <load_address>0x1c12</load_address>
         <run_address>0x1c12</run_address>
         <size>0x13a</size>
         <input_file_ref idref="fl-6"/>
      </object_component>
      <object_component id="oc-33c">
         <name>.debug_info</name>
         <load_address>0x1d4c</load_address>
         <run_address>0x1d4c</run_address>
         <size>0x14e</size>
         <input_file_ref idref="fl-6"/>
      </object_component>
      <object_component id="oc-312">
         <name>.debug_info</name>
         <load_address>0x1e9a</load_address>
         <run_address>0x1e9a</run_address>
         <size>0x1a3</size>
         <input_file_ref idref="fl-6"/>
      </object_component>
      <object_component id="oc-158">
         <name>.debug_info</name>
         <load_address>0x203d</load_address>
         <run_address>0x203d</run_address>
         <size>0x11a</size>
         <input_file_ref idref="fl-6"/>
      </object_component>
      <object_component id="oc-152">
         <name>.debug_info</name>
         <load_address>0x2157</load_address>
         <run_address>0x2157</run_address>
         <size>0x114</size>
         <input_file_ref idref="fl-6"/>
      </object_component>
      <object_component id="oc-397">
         <name>.debug_info</name>
         <load_address>0x226b</load_address>
         <run_address>0x226b</run_address>
         <size>0x124</size>
         <input_file_ref idref="fl-6"/>
      </object_component>
      <object_component id="oc-321">
         <name>.debug_info</name>
         <load_address>0x238f</load_address>
         <run_address>0x238f</run_address>
         <size>0x12c</size>
         <input_file_ref idref="fl-6"/>
      </object_component>
      <object_component id="oc-140">
         <name>.debug_info</name>
         <load_address>0x24bb</load_address>
         <run_address>0x24bb</run_address>
         <size>0x11e</size>
         <input_file_ref idref="fl-6"/>
      </object_component>
      <object_component id="oc-330">
         <name>.debug_info</name>
         <load_address>0x25d9</load_address>
         <run_address>0x25d9</run_address>
         <size>0x153</size>
         <input_file_ref idref="fl-6"/>
      </object_component>
      <object_component id="oc-387">
         <name>.debug_info</name>
         <load_address>0x272c</load_address>
         <run_address>0x272c</run_address>
         <size>0x238</size>
         <input_file_ref idref="fl-7"/>
      </object_component>
      <object_component id="oc-2f5">
         <name>.debug_info</name>
         <load_address>0x2964</load_address>
         <run_address>0x2964</run_address>
         <size>0x2b1</size>
         <input_file_ref idref="fl-7"/>
      </object_component>
      <object_component id="oc-300">
         <name>.debug_info</name>
         <load_address>0x2c15</load_address>
         <run_address>0x2c15</run_address>
         <size>0x149</size>
         <input_file_ref idref="fl-7"/>
      </object_component>
      <object_component id="oc-3a7">
         <name>.debug_info</name>
         <load_address>0x2d5e</load_address>
         <run_address>0x2d5e</run_address>
         <size>0x13c</size>
         <input_file_ref idref="fl-8"/>
      </object_component>
      <object_component id="oc-336">
         <name>.debug_info</name>
         <load_address>0x2e9a</load_address>
         <run_address>0x2e9a</run_address>
         <size>0x148</size>
         <input_file_ref idref="fl-8"/>
      </object_component>
      <object_component id="oc-18e">
         <name>.debug_info</name>
         <load_address>0x2fe2</load_address>
         <run_address>0x2fe2</run_address>
         <size>0x147</size>
         <input_file_ref idref="fl-8"/>
      </object_component>
      <object_component id="oc-182">
         <name>.debug_info</name>
         <load_address>0x3129</load_address>
         <run_address>0x3129</run_address>
         <size>0x140</size>
         <input_file_ref idref="fl-8"/>
      </object_component>
      <object_component id="oc-16a">
         <name>.debug_info</name>
         <load_address>0x3269</load_address>
         <run_address>0x3269</run_address>
         <size>0x184</size>
         <input_file_ref idref="fl-8"/>
      </object_component>
      <object_component id="oc-1fa">
         <name>.debug_info</name>
         <load_address>0x33ed</load_address>
         <run_address>0x33ed</run_address>
         <size>0x220</size>
         <input_file_ref idref="fl-8"/>
      </object_component>
      <object_component id="oc-209">
         <name>.debug_info</name>
         <load_address>0x360d</load_address>
         <run_address>0x360d</run_address>
         <size>0x154</size>
         <input_file_ref idref="fl-8"/>
      </object_component>
      <object_component id="oc-164">
         <name>.debug_info</name>
         <load_address>0x3761</load_address>
         <run_address>0x3761</run_address>
         <size>0x166</size>
         <input_file_ref idref="fl-8"/>
      </object_component>
      <object_component id="oc-146">
         <name>.debug_info</name>
         <load_address>0x38c7</load_address>
         <run_address>0x38c7</run_address>
         <size>0x154</size>
         <input_file_ref idref="fl-8"/>
      </object_component>
      <object_component id="oc-252">
         <name>.debug_info</name>
         <load_address>0x3a1b</load_address>
         <run_address>0x3a1b</run_address>
         <size>0x1fe</size>
         <input_file_ref idref="fl-8"/>
      </object_component>
      <object_component id="oc-194">
         <name>.debug_info</name>
         <load_address>0x3c19</load_address>
         <run_address>0x3c19</run_address>
         <size>0x146</size>
         <input_file_ref idref="fl-8"/>
      </object_component>
      <object_component id="oc-13a">
         <name>.debug_info</name>
         <load_address>0x3d5f</load_address>
         <run_address>0x3d5f</run_address>
         <size>0x26e</size>
         <input_file_ref idref="fl-8"/>
      </object_component>
      <object_component id="oc-14c">
         <name>.debug_info</name>
         <load_address>0x3fcd</load_address>
         <run_address>0x3fcd</run_address>
         <size>0x160</size>
         <input_file_ref idref="fl-8"/>
      </object_component>
      <object_component id="oc-20f">
         <name>.debug_info</name>
         <load_address>0x412d</load_address>
         <run_address>0x412d</run_address>
         <size>0x18c</size>
         <input_file_ref idref="fl-8"/>
      </object_component>
      <object_component id="oc-215">
         <name>.debug_info</name>
         <load_address>0x42b9</load_address>
         <run_address>0x42b9</run_address>
         <size>0x18c</size>
         <input_file_ref idref="fl-8"/>
      </object_component>
      <object_component id="oc-221">
         <name>.debug_info</name>
         <load_address>0x4445</load_address>
         <run_address>0x4445</run_address>
         <size>0x136</size>
         <input_file_ref idref="fl-8"/>
      </object_component>
      <object_component id="oc-176">
         <name>.debug_info</name>
         <load_address>0x457b</load_address>
         <run_address>0x457b</run_address>
         <size>0x261</size>
         <input_file_ref idref="fl-8"/>
      </object_component>
      <object_component id="oc-17c">
         <name>.debug_info</name>
         <load_address>0x47dc</load_address>
         <run_address>0x47dc</run_address>
         <size>0x176</size>
         <input_file_ref idref="fl-8"/>
      </object_component>
      <object_component id="oc-170">
         <name>.debug_info</name>
         <load_address>0x4952</load_address>
         <run_address>0x4952</run_address>
         <size>0x13a</size>
         <input_file_ref idref="fl-8"/>
      </object_component>
      <object_component id="oc-15e">
         <name>.debug_info</name>
         <load_address>0x4a8c</load_address>
         <run_address>0x4a8c</run_address>
         <size>0x13c</size>
         <input_file_ref idref="fl-8"/>
      </object_component>
      <object_component id="oc-1b2">
         <name>.debug_info</name>
         <load_address>0x4bc8</load_address>
         <run_address>0x4bc8</run_address>
         <size>0x1a3</size>
         <input_file_ref idref="fl-9"/>
      </object_component>
      <object_component id="oc-259">
         <name>.debug_info</name>
         <load_address>0x4d6b</load_address>
         <run_address>0x4d6b</run_address>
         <size>0xf3</size>
         <input_file_ref idref="fl-9"/>
      </object_component>
      <object_component id="oc-308">
         <name>.debug_info</name>
         <load_address>0x4e5e</load_address>
         <run_address>0x4e5e</run_address>
         <size>0xf3</size>
         <input_file_ref idref="fl-9"/>
      </object_component>
      <object_component id="oc-392">
         <name>.debug_info</name>
         <load_address>0x4f51</load_address>
         <run_address>0x4f51</run_address>
         <size>0xf3</size>
         <input_file_ref idref="fl-9"/>
      </object_component>
      <object_component id="oc-284">
         <name>.debug_info</name>
         <load_address>0x5044</load_address>
         <run_address>0x5044</run_address>
         <size>0x152</size>
         <input_file_ref idref="fl-9"/>
      </object_component>
      <object_component id="oc-329">
         <name>.debug_info</name>
         <load_address>0x5196</load_address>
         <run_address>0x5196</run_address>
         <size>0x108</size>
         <input_file_ref idref="fl-9"/>
      </object_component>
      <object_component id="oc-272">
         <name>.debug_info</name>
         <load_address>0x529e</load_address>
         <run_address>0x529e</run_address>
         <size>0x127</size>
         <input_file_ref idref="fl-9"/>
      </object_component>
      <object_component id="oc-31c">
         <name>.debug_info</name>
         <load_address>0x53c5</load_address>
         <run_address>0x53c5</run_address>
         <size>0x123</size>
         <input_file_ref idref="fl-9"/>
      </object_component>
      <object_component id="oc-26b">
         <name>.debug_info</name>
         <load_address>0x54e8</load_address>
         <run_address>0x54e8</run_address>
         <size>0x116</size>
         <input_file_ref idref="fl-9"/>
      </object_component>
      <object_component id="oc-1ae">
         <name>.debug_info</name>
         <load_address>0x55fe</load_address>
         <run_address>0x55fe</run_address>
         <size>0x19b</size>
         <input_file_ref idref="fl-9"/>
      </object_component>
      <object_component id="oc-1a7">
         <name>.debug_info</name>
         <load_address>0x5799</load_address>
         <run_address>0x5799</run_address>
         <size>0x108</size>
         <input_file_ref idref="fl-9"/>
      </object_component>
      <object_component id="oc-1a1">
         <name>.debug_info</name>
         <load_address>0x58a1</load_address>
         <run_address>0x58a1</run_address>
         <size>0x120</size>
         <input_file_ref idref="fl-9"/>
      </object_component>
      <object_component id="oc-19b">
         <name>.debug_info</name>
         <load_address>0x59c1</load_address>
         <run_address>0x59c1</run_address>
         <size>0x10d</size>
         <input_file_ref idref="fl-9"/>
      </object_component>
      <object_component id="oc-25d">
         <name>.debug_info</name>
         <load_address>0x5ace</load_address>
         <run_address>0x5ace</run_address>
         <size>0x10d</size>
         <input_file_ref idref="fl-9"/>
      </object_component>
      <object_component id="oc-30c">
         <name>.debug_info</name>
         <load_address>0x5bdb</load_address>
         <run_address>0x5bdb</run_address>
         <size>0x10d</size>
         <input_file_ref idref="fl-9"/>
      </object_component>
      <object_component id="oc-113">
         <name>.debug_info</name>
         <load_address>0x5ce8</load_address>
         <run_address>0x5ce8</run_address>
         <size>0x2b1</size>
         <input_file_ref idref="fl-9"/>
      </object_component>
      <object_component id="oc-45">
         <name>.debug_info</name>
         <load_address>0x5f99</load_address>
         <run_address>0x5f99</run_address>
         <size>0x11c</size>
         <input_file_ref idref="fl-9"/>
      </object_component>
      <object_component id="oc-4b">
         <name>.debug_info</name>
         <load_address>0x60b5</load_address>
         <run_address>0x60b5</run_address>
         <size>0x11c</size>
         <input_file_ref idref="fl-9"/>
      </object_component>
      <object_component id="oc-51">
         <name>.debug_info</name>
         <load_address>0x61d1</load_address>
         <run_address>0x61d1</run_address>
         <size>0x130</size>
         <input_file_ref idref="fl-9"/>
      </object_component>
      <object_component id="oc-57">
         <name>.debug_info</name>
         <load_address>0x6301</load_address>
         <run_address>0x6301</run_address>
         <size>0x130</size>
         <input_file_ref idref="fl-9"/>
      </object_component>
      <object_component id="oc-1d5">
         <name>.debug_info</name>
         <load_address>0x6431</load_address>
         <run_address>0x6431</run_address>
         <size>0x12a</size>
         <input_file_ref idref="fl-a"/>
      </object_component>
      <object_component id="oc-2a4">
         <name>.debug_info</name>
         <load_address>0x655b</load_address>
         <run_address>0x655b</run_address>
         <size>0x142</size>
         <input_file_ref idref="fl-a"/>
      </object_component>
      <object_component id="oc-1d0">
         <name>.debug_info</name>
         <load_address>0x669d</load_address>
         <run_address>0x669d</run_address>
         <size>0x1b6</size>
         <input_file_ref idref="fl-a"/>
      </object_component>
      <object_component id="oc-2f">
         <name>.debug_info</name>
         <load_address>0x6853</load_address>
         <run_address>0x6853</run_address>
         <size>0x11d</size>
         <input_file_ref idref="fl-b"/>
      </object_component>
      <object_component id="oc-8d">
         <name>.debug_info</name>
         <load_address>0x6970</load_address>
         <run_address>0x6970</run_address>
         <size>0x11e</size>
         <input_file_ref idref="fl-b"/>
      </object_component>
      <object_component id="oc-27d">
         <name>.debug_info</name>
         <load_address>0x6a8e</load_address>
         <run_address>0x6a8e</run_address>
         <size>0x115</size>
         <input_file_ref idref="fl-e"/>
      </object_component>
      <object_component id="oc-380">
         <name>.debug_info</name>
         <load_address>0x6ba3</load_address>
         <run_address>0x6ba3</run_address>
         <size>0x115</size>
         <input_file_ref idref="fl-f"/>
      </object_component>
      <object_component id="oc-2c6">
         <name>.debug_info</name>
         <load_address>0x6cb8</load_address>
         <run_address>0x6cb8</run_address>
         <size>0x205</size>
         <input_file_ref idref="fl-1e"/>
      </object_component>
      <object_component id="oc-22a">
         <name>.debug_info</name>
         <load_address>0x6ebd</load_address>
         <run_address>0x6ebd</run_address>
         <size>0x217</size>
         <input_file_ref idref="fl-1e"/>
      </object_component>
      <object_component id="oc-2f9">
         <name>.debug_info</name>
         <load_address>0x70d4</load_address>
         <run_address>0x70d4</run_address>
         <size>0x228</size>
         <input_file_ref idref="fl-1f"/>
      </object_component>
      <object_component id="oc-406">
         <name>.debug_info</name>
         <load_address>0x72fc</load_address>
         <run_address>0x72fc</run_address>
         <size>0x1c1</size>
         <input_file_ref idref="fl-20"/>
      </object_component>
      <object_component id="oc-3ce">
         <name>.debug_info</name>
         <load_address>0x74bd</load_address>
         <run_address>0x74bd</run_address>
         <size>0x1fd</size>
         <input_file_ref idref="fl-20"/>
      </object_component>
      <object_component id="oc-3c7">
         <name>.debug_info</name>
         <load_address>0x76ba</load_address>
         <run_address>0x76ba</run_address>
         <size>0x26e</size>
         <input_file_ref idref="fl-20"/>
      </object_component>
      <object_component id="oc-1e2">
         <name>.debug_info</name>
         <load_address>0x7928</load_address>
         <run_address>0x7928</run_address>
         <size>0x201</size>
         <input_file_ref idref="fl-22"/>
      </object_component>
      <object_component id="oc-24b">
         <name>.debug_info</name>
         <load_address>0x7b29</load_address>
         <run_address>0x7b29</run_address>
         <size>0x203</size>
         <input_file_ref idref="fl-23"/>
      </object_component>
      <object_component id="oc-29b">
         <name>.debug_info</name>
         <load_address>0x7d2c</load_address>
         <run_address>0x7d2c</run_address>
         <size>0x224</size>
         <input_file_ref idref="fl-24"/>
      </object_component>
      <object_component id="oc-3a0">
         <name>.debug_info</name>
         <load_address>0x7f50</load_address>
         <run_address>0x7f50</run_address>
         <size>0x1f0</size>
         <input_file_ref idref="fl-25"/>
      </object_component>
      <object_component id="oc-2d3">
         <name>.debug_info</name>
         <load_address>0x8140</load_address>
         <run_address>0x8140</run_address>
         <size>0x20b</size>
         <input_file_ref idref="fl-26"/>
      </object_component>
      <object_component id="oc-1f0">
         <name>.debug_info</name>
         <load_address>0x834b</load_address>
         <run_address>0x834b</run_address>
         <size>0x1d5</size>
         <input_file_ref idref="fl-26"/>
      </object_component>
      <object_component id="oc-2cd">
         <name>.debug_info</name>
         <load_address>0x8520</load_address>
         <run_address>0x8520</run_address>
         <size>0x219</size>
         <input_file_ref idref="fl-26"/>
      </object_component>
      <object_component id="oc-1ea">
         <name>.debug_info</name>
         <load_address>0x8739</load_address>
         <run_address>0x8739</run_address>
         <size>0x21c</size>
         <input_file_ref idref="fl-26"/>
      </object_component>
      <object_component id="oc-2ab">
         <name>.debug_info</name>
         <load_address>0x8955</load_address>
         <run_address>0x8955</run_address>
         <size>0x216</size>
         <input_file_ref idref="fl-26"/>
      </object_component>
      <object_component id="oc-64">
         <name>.debug_info</name>
         <load_address>0x8b6b</load_address>
         <run_address>0x8b6b</run_address>
         <size>0x1af</size>
         <input_file_ref idref="fl-27"/>
      </object_component>
      <object_component id="oc-61">
         <name>.debug_info</name>
         <load_address>0x8d1a</load_address>
         <run_address>0x8d1a</run_address>
         <size>0x1c5</size>
         <input_file_ref idref="fl-27"/>
      </object_component>
      <object_component id="oc-1dd">
         <name>.debug_info</name>
         <load_address>0x8edf</load_address>
         <run_address>0x8edf</run_address>
         <size>0x1b9</size>
         <input_file_ref idref="fl-27"/>
      </object_component>
      <object_component id="oc-6b">
         <name>.debug_info</name>
         <load_address>0x9098</load_address>
         <run_address>0x9098</run_address>
         <size>0x1c9</size>
         <input_file_ref idref="fl-27"/>
      </object_component>
      <object_component id="oc-71">
         <name>.debug_info</name>
         <load_address>0x9261</load_address>
         <run_address>0x9261</run_address>
         <size>0x1b7</size>
         <input_file_ref idref="fl-27"/>
      </object_component>
      <object_component id="oc-2f0">
         <name>.debug_info</name>
         <load_address>0x9418</load_address>
         <run_address>0x9418</run_address>
         <size>0x231</size>
         <input_file_ref idref="fl-28"/>
      </object_component>
      <object_component id="oc-3f9">
         <name>.debug_info</name>
         <load_address>0x9649</load_address>
         <run_address>0x9649</run_address>
         <size>0x20c</size>
         <input_file_ref idref="fl-2a"/>
      </object_component>
      <object_component id="oc-3b1">
         <name>.debug_info</name>
         <load_address>0x9855</load_address>
         <run_address>0x9855</run_address>
         <size>0x1f1</size>
         <input_file_ref idref="fl-2a"/>
      </object_component>
      <object_component id="oc-3b8">
         <name>.debug_info</name>
         <load_address>0x9a46</load_address>
         <run_address>0x9a46</run_address>
         <size>0x20a</size>
[...]
      </symbol>
      <symbol id="sm-142">
         <name>LLC_SRenable</name>
         <value>0xb804</value>
         <object_component_ref idref="oc-90"/>
      </symbol>
      <symbol id="sm-143">
         <name>LLC_fsiRxInt2Received</name>
         <value>0xb826</value>
         <object_component_ref idref="oc-90"/>
      </symbol>
      <symbol id="sm-144">
         <name>LLC_dutySet_debug_pu</name>
         <value>0xb830</value>
         <object_component_ref idref="oc-90"/>
      </symbol>
      <symbol id="sm-145">
         <name>LLC_ctrl_PID</name>
         <value>0xb852</value>
         <object_component_ref idref="oc-90"/>
      </symbol>
      <symbol id="sm-146">
         <name>LLC_dutySet_pu</name>
         <value>0xb81c</value>
         <object_component_ref idref="oc-90"/>
      </symbol>
      <symbol id="sm-147">
         <name>LLC_setupSFRAGui</name>
         <value>0x83678</value>
         <object_component_ref idref="oc-157"/>
      </symbol>
      <symbol id="sm-148">
         <name>LLC_setupSFRA</name>
         <value>0x83677</value>
         <object_component_ref idref="oc-151"/>
      </symbol>
      <symbol id="sm-149">
         <name>LLC_periodSetSlewed_pu</name>
         <value>0xb816</value>
         <object_component_ref idref="oc-90"/>
      </symbol>
      <symbol id="sm-14a">
         <name>LLC_updateDeadband</name>
         <value>0x8295d</value>
         <object_component_ref idref="oc-262"/>
      </symbol>
      <symbol id="sm-14b">
         <name>LLC_vSec_Volts</name>
         <value>0xb828</value>
         <object_component_ref idref="oc-90"/>
      </symbol>
      <symbol id="sm-14c">
         <name>LLC_fsiTxInt2Received</name>
         <value>0xb822</value>
         <object_component_ref idref="oc-90"/>
      </symbol>
      <symbol id="sm-14d">
         <name>LLC_HAL_Handshake_Node</name>
         <value>0x8327f</value>
         <object_component_ref idref="oc-32f"/>
      </symbol>
      <symbol id="sm-14e">
         <name>LLC_vSecSetSlewed_pu</name>
         <value>0xb814</value>
         <object_component_ref idref="oc-90"/>
      </symbol>
      <symbol id="sm-17b">
         <name>Cla1BackgroundTask</name>
         <value>0x9a5e</value>
         <object_component_ref idref="oc-2fe"/>
      </symbol>
      <symbol id="sm-17c">
         <name>Cla1Task1</name>
         <value>0x9800</value>
         <object_component_ref idref="oc-2f2"/>
      </symbol>
      <symbol id="sm-211">
         <name>LLC_HAL_setupPWMtoTriggerADCSOC</name>
         <value>0x8340f</value>
         <object_component_ref idref="oc-181"/>
      </symbol>
      <symbol id="sm-212">
         <name>LLC_HAL_setupCLA</name>
         <value>0x82d60</value>
         <object_component_ref idref="oc-251"/>
      </symbol>
      <symbol id="sm-213">
         <name>LLC_HAL_setupDebugGPIO</name>
         <value>0x8361b</value>
         <object_component_ref idref="oc-14b"/>
      </symbol>
      <symbol id="sm-214">
         <name>rxBufAddr</name>
         <value>0xb8bc</value>
         <object_component_ref idref="oc-3a6"/>
      </symbol>
      <symbol id="sm-215">
         <name>LLC_HAL_disablePWMClkCounting</name>
         <value>0x83612</value>
         <object_component_ref idref="oc-15d"/>
      </symbol>
      <symbol id="sm-216">
         <name>LLC_HAL_setupBoardProtection</name>
         <value>0x82c8e</value>
         <object_component_ref idref="oc-175"/>
      </symbol>
      <symbol id="sm-217">
         <name>LLC_HAL_enablePWMClkCounting</name>
         <value>0x83645</value>
         <object_component_ref idref="oc-16f"/>
      </symbol>
      <symbol id="sm-218">
         <name>txBufAddr</name>
         <value>0xb8ba</value>
         <object_component_ref idref="oc-3a6"/>
      </symbol>
      <symbol id="sm-219">
         <name>nLanes</name>
         <value>0xb8b8</value>
         <object_component_ref idref="oc-3a6"/>
      </symbol>
      <symbol id="sm-21a">
         <name>LLC_HAL_setupDevice</name>
         <value>0x82b34</value>
         <object_component_ref idref="oc-139"/>
      </symbol>
      <symbol id="sm-21b">
         <name>LLC_HAL_setupADC</name>
         <value>0x828ac</value>
         <object_component_ref idref="oc-17b"/>
      </symbol>
      <symbol id="sm-21c">
         <name>LLC_HAL_setupPWM</name>
         <value>0x82bad</value>
         <object_component_ref idref="oc-163"/>
      </symbol>
      <symbol id="sm-21d">
         <name>LLC_HAL_setupCmpssLPTripLimit</name>
         <value>0x83583</value>
         <object_component_ref idref="oc-20e"/>
      </symbol>
      <symbol id="sm-21e">
         <name>LLC_HAL_setupCmpssHPTripLimit</name>
         <value>0x83593</value>
         <object_component_ref idref="oc-214"/>
      </symbol>
      <symbol id="sm-21f">
         <name>LLC_HAL_setupPWMTrip</name>
         <value>0x82e6c</value>
         <object_component_ref idref="oc-208"/>
      </symbol>
      <symbol id="sm-220">
         <name>LLC_HAL_setupPWM_upDownCount</name>
         <value>0x82a07</value>
         <object_component_ref idref="oc-1f9"/>
      </symbol>
      <symbol id="sm-221">
         <name>LLC_HAL_setupPWMpins</name>
         <value>0x83500</value>
         <object_component_ref idref="oc-169"/>
      </symbol>
      <symbol id="sm-222">
         <name>LLC_HAL_setupInterrupts</name>
         <value>0x8352a</value>
         <object_component_ref idref="oc-193"/>
      </symbol>
      <symbol id="sm-223">
         <name>LLC_HAL_setupTimerPWM</name>
         <value>0x83136</value>
         <object_component_ref idref="oc-18d"/>
      </symbol>
      <symbol id="sm-224">
         <name>LLC_HAL_setupLED</name>
         <value>0x835ff</value>
         <object_component_ref idref="oc-145"/>
      </symbol>
      <symbol id="sm-225">
         <name>LLC_HAL_clearTripZoneFlags</name>
         <value>0x834bd</value>
         <object_component_ref idref="oc-220"/>
      </symbol>
      <symbol id="sm-226">
         <name>LLC_HAL_toggleLED</name>
         <value>0x835a2</value>
         <object_component_ref idref="oc-335"/>
      </symbol>
      <symbol id="sm-2ba">
         <name>vTimer1</name>
         <value>0xb8fe</value>
         <object_component_ref idref="oc-307"/>
      </symbol>
      <symbol id="sm-2bb">
         <name>vTimer0</name>
         <value>0xb8fa</value>
         <object_component_ref idref="oc-258"/>
      </symbol>
      <symbol id="sm-2bc">
         <name>vTimer2</name>
         <value>0xb902</value>
         <object_component_ref idref="oc-391"/>
      </symbol>
      <symbol id="sm-2bd">
         <name>B_Task_Ptr</name>
         <value>0xb8f6</value>
         <object_component_ref idref="oc-1b1"/>
      </symbol>
      <symbol id="sm-2be">
         <name>isr1Ticker</name>
         <value>0xb8f0</value>
         <object_component_ref idref="oc-1b1"/>
      </symbol>
      <symbol id="sm-2bf">
         <name>C_Task_Ptr</name>
         <value>0xb8f8</value>
         <object_component_ref idref="oc-1b1"/>
      </symbol>
      <symbol id="sm-2c0">
         <name>A_Task_Ptr</name>
         <value>0xb8f4</value>
         <object_component_ref idref="oc-1b1"/>
      </symbol>
      <symbol id="sm-2c1">
         <name>Alpha_State_Ptr</name>
         <value>0xb8f2</value>
         <object_component_ref idref="oc-1b1"/>
      </symbol>
      <symbol id="sm-2c2">
         <name>fsiTxInt1ISR</name>
         <value>0x83357</value>
         <object_component_ref idref="oc-49"/>
      </symbol>
      <symbol id="sm-2c3">
         <name>main</name>
         <value>0x8316e</value>
         <object_component_ref idref="oc-111"/>
      </symbol>
      <symbol id="sm-2c4">
         <name>fsiRxInt1ISR</name>
         <value>0x83312</value>
         <object_component_ref idref="oc-55"/>
      </symbol>
      <symbol id="sm-2c5">
         <name>fsiTxInt2ISR</name>
         <value>0x82f8d</value>
         <object_component_ref idref="oc-43"/>
      </symbol>
      <symbol id="sm-2c6">
         <name>C2</name>
         <value>0x82cfa</value>
         <object_component_ref idref="oc-281"/>
      </symbol>
      <symbol id="sm-2c7">
         <name>C1</name>
         <value>0x82c22</value>
         <object_component_ref idref="oc-1ab"/>
      </symbol>
      <symbol id="sm-2c8">
         <name>C0</name>
         <value>0x8348d</value>
         <object_component_ref idref="oc-30a"/>
      </symbol>
      <symbol id="sm-2c9">
         <name>B3</name>
         <value>0x83663</value>
         <object_component_ref idref="oc-326"/>
      </symbol>
      <symbol id="sm-2ca">
         <name>B2</name>
         <value>0x8363d</value>
         <object_component_ref idref="oc-26f"/>
      </symbol>
      <symbol id="sm-2cb">
         <name>B1</name>
         <value>0x8365d</value>
         <object_component_ref idref="oc-1a5"/>
      </symbol>
      <symbol id="sm-2cc">
         <name>B0</name>
         <value>0x83475</value>
         <object_component_ref idref="oc-25b"/>
      </symbol>
      <symbol id="sm-2cd">
         <name>fsiRxInt2ISR</name>
         <value>0x82eb8</value>
         <object_component_ref idref="oc-4f"/>
      </symbol>
      <symbol id="sm-2ce">
         <name>A3</name>
         <value>0x83635</value>
         <object_component_ref idref="oc-319"/>
      </symbol>
      <symbol id="sm-2cf">
         <name>A2</name>
         <value>0x8353e</value>
         <object_component_ref idref="oc-268"/>
      </symbol>
      <symbol id="sm-2d0">
         <name>A1</name>
         <value>0x8362d</value>
         <object_component_ref idref="oc-19f"/>
      </symbol>
      <symbol id="sm-2d1">
         <name>A0</name>
         <value>0x8345d</value>
         <object_component_ref idref="oc-199"/>
      </symbol>
      <symbol id="sm-2ec">
         <name>Device_enableAllPeripherals</name>
         <value>0x827d9</value>
         <object_component_ref idref="oc-2a3"/>
      </symbol>
      <symbol id="sm-2ed">
         <name>Device_initGPIO</name>
         <value>0x83573</value>
         <object_component_ref idref="oc-1d3"/>
      </symbol>
      <symbol id="sm-2ee">
         <name>Device_init</name>
         <value>0x82f02</value>
         <object_component_ref idref="oc-1cd"/>
      </symbol>
      <symbol id="sm-2fd">
         <name>code_start</name>
         <value>0x80000</value>
         <object_component_ref idref="oc-2c"/>
      </symbol>
      <symbol id="sm-307">
         <name>DCL_runClamp_C1</name>
         <value>0xc050</value>
         <object_component_ref idref="oc-27c"/>
      </symbol>
      <symbol id="sm-311">
         <name>__cla_DCL_clamp_L1_sp</name>
         <value>0xb8ec</value>
         <object_component_ref idref="oc-3e4"/>
      </symbol>
      <symbol id="sm-312">
         <name>DCL_runClamp_L1</name>
         <value>0x9a44</value>
         <object_component_ref idref="oc-37f"/>
      </symbol>
      <symbol id="sm-32d">
         <name>ADC_setOffsetTrimAll</name>
         <value>0x8342a</value>
         <object_component_ref idref="oc-2c3"/>
      </symbol>
      <symbol id="sm-32e">
         <name>ADC_setVREF</name>
         <value>0x83444</value>
         <object_component_ref idref="oc-227"/>
      </symbol>
      <symbol id="sm-33d">
         <name>CLA_setTriggerSource</name>
         <value>0x833f3</value>
         <object_component_ref idref="oc-2f8"/>
      </symbol>
      <symbol id="sm-35d">
         <name>CLB_writeFIFOs</name>
         <value>0x834a5</value>
         <object_component_ref idref="oc-3cd"/>
      </symbol>
      <symbol id="sm-35e">
         <name>CLB_clearFIFOs</name>
         <value>0x83550</value>
         <object_component_ref idref="oc-402"/>
      </symbol>
      <symbol id="sm-35f">
         <name>CLB_configCounterLoadMatch</name>
         <value>0x82dc0</value>
         <object_component_ref idref="oc-3c4"/>
      </symbol>
      <symbol id="sm-36d">
         <name>CPUTimer_setEmulationMode</name>
         <value>0x83669</value>
         <object_component_ref idref="oc-1df"/>
      </symbol>
      <symbol id="sm-37a">
         <name>EPWM_setEmulationMode</name>
         <value>0x83609</value>
         <object_component_ref idref="oc-24a"/>
      </symbol>
      <symbol id="sm-387">
         <name>Flash_initModule</name>
         <value>0xc000</value>
         <object_component_ref idref="oc-297"/>
      </symbol>
      <symbol id="sm-394">
         <name>FSI_executeTxFlushSequence</name>
         <value>0x835e0</value>
         <object_component_ref idref="oc-39f"/>
      </symbol>
      <symbol id="sm-3c9">
         <name>GPIO_setQualificationMode</name>
         <value>0x83335</value>
         <object_component_ref idref="oc-2d1"/>
      </symbol>
      <symbol id="sm-3ca">
         <name>GPIO_setPadConfig</name>
         <value>0x83041</value>
         <object_component_ref idref="oc-2cb"/>
      </symbol>
      <symbol id="sm-3cb">
         <name>GPIO_setAnalogMode</name>
         <value>0x82f48</value>
         <object_component_ref idref="oc-2a9"/>
      </symbol>
      <symbol id="sm-3cc">
         <name>GPIO_setDirectionMode</name>
         <value>0x83379</value>
         <object_component_ref idref="oc-1e8"/>
      </symbol>
      <symbol id="sm-3cd">
         <name>GPIO_setPinConfig</name>
         <value>0x82fcf</value>
         <object_component_ref idref="oc-1ee"/>
      </symbol>
      <symbol id="sm-3fa">
         <name>Interrupt_defaultHandler</name>
         <value>0x835bd</value>
         <object_component_ref idref="oc-6d"/>
      </symbol>
      <symbol id="sm-3fb">
         <name>Interrupt_initModule</name>
         <value>0x83000</value>
         <object_component_ref idref="oc-1d9"/>
      </symbol>
      <symbol id="sm-3fc">
         <name>Interrupt_nmiHandler</name>
         <value>0x835f5</value>
         <object_component_ref idref="oc-5b"/>
      </symbol>
      <symbol id="sm-3fd">
         <name>Interrupt_initVectorTable</name>
         <value>0x834eb</value>
         <object_component_ref idref="oc-5e"/>
      </symbol>
      <symbol id="sm-3fe">
         <name>Interrupt_illegalOperationHandler</name>
         <value>0x835eb</value>
         <object_component_ref idref="oc-67"/>
      </symbol>
      <symbol id="sm-40d">
         <name>MemCfg_setLSRAMControllerSel</name>
         <value>0x832a5</value>
         <object_component_ref idref="oc-2ec"/>
      </symbol>
      <symbol id="sm-46d">
         <name>SysCtl_isPLLValid</name>
         <value>0x8245f</value>
         <object_component_ref idref="oc-34c"/>
      </symbol>
      <symbol id="sm-46e">
         <name>SysCtl_delay</name>
         <value>0xc04b</value>
         <object_component_ref idref="oc-22d"/>
      </symbol>
      <symbol id="sm-46f">
         <name>SysCtl_selectXTALSingleEnded</name>
         <value>0x833b8</value>
         <object_component_ref idref="oc-3ae"/>
      </symbol>
      <symbol id="sm-470">
         <name>SysCtl_selectXTAL</name>
         <value>0x830be</value>
         <object_component_ref idref="oc-3b4"/>
      </symbol>
      <symbol id="sm-471">
         <name>SysCtl_selectOscSource</name>
         <value>0x831d3</value>
         <object_component_ref idref="oc-346"/>
      </symbol>
      <symbol id="sm-472">
         <name>SysCtl_setClock</name>
         <value>0x8223e</value>
         <object_component_ref idref="oc-29d"/>
      </symbol>
      <symbol id="sm-486">
         <name>XBAR_setEPWMMuxConfig</name>
         <value>0x83200</value>
         <object_component_ref idref="oc-202"/>
      </symbol>
      <symbol id="sm-487">
         <name>XBAR_setOutputMuxConfig</name>
         <value>0x832ca</value>
         <object_component_ref idref="oc-21a"/>
      </symbol>
      <symbol id="sm-491">
         <name>_c_int00</name>
         <value>0x834d4</value>
         <object_component_ref idref="oc-ae"/>
      </symbol>
      <symbol id="sm-492">
         <name>__stack</name>
         <value>0x8800</value>
         <object_component_ref idref="oc-73"/>
      </symbol>
      <symbol id="sm-49f">
         <name>__c28xabi_divf</name>
         <value>0x82aac</value>
         <object_component_ref idref="oc-3bb"/>
      </symbol>
      <symbol id="sm-4b2">
         <name>memcpy</name>
         <value>0x833d6</value>
         <object_component_ref idref="oc-76"/>
      </symbol>
      <symbol id="sm-4bf">
         <name>_system_pre_init</name>
         <value>0x83674</value>
         <object_component_ref idref="oc-c5"/>
      </symbol>
      <symbol id="sm-4ce">
         <name>__TI_auto_init_nobinit_nopinit</name>
         <value>0x8322b</value>
         <object_component_ref idref="oc-e1"/>
      </symbol>
      <symbol id="sm-4dd">
         <name>__TI_zero_init_nomemset</name>
         <value>0x835b0</value>
         <object_component_ref idref="oc-7e"/>
      </symbol>
      <symbol id="sm-4ea">
         <name>__TI_decompress_none</name>
         <value>0x8364d</value>
         <object_component_ref idref="oc-25"/>
      </symbol>
      <symbol id="sm-4fe">
         <name>__TI_decompress_lzss</name>
         <value>0x831a3</value>
         <object_component_ref idref="oc-1f"/>
      </symbol>
      <symbol id="sm-514">
         <name>C$$EXIT</name>
         <value>0x83256</value>
         <object_component_ref idref="oc-d2"/>
      </symbol>
      <symbol id="sm-515">
         <name>abort</name>
         <value>0x83256</value>
         <object_component_ref idref="oc-d2"/>
      </symbol>
      <symbol id="sm-516">
         <name>exit</name>
         <value>0x83258</value>
         <object_component_ref idref="oc-d2"/>
      </symbol>
      <symbol id="sm-517">
         <name>__TI_dtors_ptr</name>
         <value>0xb8c4</value>
         <object_component_ref idref="oc-119"/>
      </symbol>
      <symbol id="sm-518">
         <name>__TI_cleanup_ptr</name>
         <value>0xb8c2</value>
         <object_component_ref idref="oc-119"/>
      </symbol>
      <symbol id="sm-519">
         <name>__TI_enable_exit_profile_output</name>
         <value>0xb8c0</value>
         <object_component_ref idref="oc-119"/>
      </symbol>
      <symbol id="sm-530">
         <name>_nop</name>
         <value>0x8362c</value>
         <object_component_ref idref="oc-1ba"/>
      </symbol>
      <symbol id="sm-531">
         <name>_lock</name>
         <value>0xb8be</value>
         <object_component_ref idref="oc-11c"/>
      </symbol>
      <symbol id="sm-532">
         <name>_unlock</name>
         <value>0xb8ca</value>
         <object_component_ref idref="oc-28a"/>
      </symbol>
      <symbol id="sm-533">
         <name>_register_lock</name>
         <value>0x83628</value>
         <object_component_ref idref="oc-1ba"/>
      </symbol>
      <symbol id="sm-534">
         <name>_register_unlock</name>
         <value>0x83624</value>
         <object_component_ref idref="oc-1ba"/>
      </symbol>
      <symbol id="sm-543">
         <name>_args_main</name>
         <value>0x835c9</value>
         <object_component_ref idref="oc-cc"/>
      </symbol>
      <symbol id="sm-552">
         <name>_system_post_cinit</name>
         <value>0x83679</value>
         <object_component_ref idref="oc-124"/>
      </symbol>
      <symbol id="sm-554">
         <name>__c_args__</name>
         <value>0x0</value>
      </symbol>
   </symbol_table>
   <title>Link successful</title>
</link_info>
